2025-10-13 19:04:13,344 - INFO - HTTP Request: POST https://api.telegram.org/bot8115605790:AAF2BAAGm48-Rt-d5U44Mw7rLD02yo2v1hY/getMe "HTTP/1.1 200 OK"
2025-10-13 19:04:13,383 - INFO - HTTP Request: POST https://api.telegram.org/bot8115605790:AAF2BAAGm48-Rt-d5U44Mw7rLD02yo2v1hY/setMyCommands "HTTP/1.1 200 OK"
2025-10-13 19:04:13,432 - INFO - HTTP Request: POST https://api.telegram.org/bot8115605790:AAF2BAAGm48-Rt-d5U44Mw7rLD02yo2v1hY/deleteWebhook "HTTP/1.1 200 OK"
2025-10-13 19:04:23,558 - INFO - HTTP Request: POST https://api.telegram.org/bot8115605790:AAF2BAAGm48-Rt-d5U44Mw7rLD02yo2v1hY/getUpdates "HTTP/1.1 200 OK"
2025-10-13 19:04:33,607 - INFO - HTTP Request: POST https://api.telegram.org/bot8115605790:AAF2BAAGm48-Rt-d5U44Mw7rLD02yo2v1hY/getUpdates "HTTP/1.1 200 OK"
2025-10-13 19:04:44,728 - INFO - HTTP Request: POST https://api.telegram.org/bot8115605790:AAF2BAAGm48-Rt-d5U44Mw7rLD02yo2v1hY/getMe "HTTP/1.1 200 OK"
2025-10-13 19:04:44,810 - INFO - HTTP Request: POST https://api.telegram.org/bot8115605790:AAF2BAAGm48-Rt-d5U44Mw7rLD02yo2v1hY/setMyCommands "HTTP/1.1 200 OK"
2025-10-13 19:04:44,853 - INFO - HTTP Request: POST https://api.telegram.org/bot8115605790:AAF2BAAGm48-Rt-d5U44Mw7rLD02yo2v1hY/deleteWebhook "HTTP/1.1 200 OK"
2025-10-13 19:04:54,962 - INFO - HTTP Request: POST https://api.telegram.org/bot8115605790:AAF2BAAGm48-Rt-d5U44Mw7rLD02yo2v1hY/getUpdates "HTTP/1.1 200 OK"
2025-10-13 19:05:05,012 - INFO - HTTP Request: POST https://api.telegram.org/bot8115605790:AAF2BAAGm48-Rt-d5U44Mw7rLD02yo2v1hY/getUpdates "HTTP/1.1 200 OK"
2025-10-13 19:05:15,056 - INFO - HTTP Request: POST https://api.telegram.org/bot8115605790:AAF2BAAGm48-Rt-d5U44Mw7rLD02yo2v1hY/getUpdates "HTTP/1.1 200 OK"
2025-10-13 19:05:25,101 - INFO - HTTP Request: POST https://api.telegram.org/bot8115605790:AAF2BAAGm48-Rt-d5U44Mw7rLD02yo2v1hY/getUpdates "HTTP/1.1 200 OK"
2025-10-13 19:05:35,144 - INFO - HTTP Request: POST https://api.telegram.org/bot8115605790:AAF2BAAGm48-Rt-d5U44Mw7rLD02yo2v1hY/getUpdates "HTTP/1.1 200 OK"
2025-10-13 19:05:45,241 - INFO - HTTP Request: POST https://api.telegram.org/bot8115605790:AAF2BAAGm48-Rt-d5U44Mw7rLD02yo2v1hY/getUpdates "HTTP/1.1 200 OK"
2025-10-13 19:05:55,278 - INFO - HTTP Request: POST https://api.telegram.org/bot8115605790:AAF2BAAGm48-Rt-d5U44Mw7rLD02yo2v1hY/getUpdates "HTTP/1.1 200 OK"
2025-10-13 19:06:05,322 - INFO - HTTP Request: POST https://api.telegram.org/bot8115605790:AAF2BAAGm48-Rt-d5U44Mw7rLD02yo2v1hY/getUpdates "HTTP/1.1 200 OK"
2025-10-13 19:06:15,363 - INFO - HTTP Request: POST https://api.telegram.org/bot8115605790:AAF2BAAGm48-Rt-d5U44Mw7rLD02yo2v1hY/getUpdates "HTTP/1.1 200 OK"
2025-10-13 19:06:25,403 - INFO - HTTP Request: POST https://api.telegram.org/bot8115605790:AAF2BAAGm48-Rt-d5U44Mw7rLD02yo2v1hY/getUpdates "HTTP/1.1 200 OK"
2025-10-13 19:06:35,443 - INFO - HTTP Request: POST https://api.telegram.org/bot8115605790:AAF2BAAGm48-Rt-d5U44Mw7rLD02yo2v1hY/getUpdates "HTTP/1.1 200 OK"
2025-10-13 19:06:45,482 - INFO - HTTP Request: POST https://api.telegram.org/bot8115605790:AAF2BAAGm48-Rt-d5U44Mw7rLD02yo2v1hY/getUpdates "HTTP/1.1 200 OK"
2025-10-13 19:06:55,517 - INFO - HTTP Request: POST https://api.telegram.org/bot8115605790:AAF2BAAGm48-Rt-d5U44Mw7rLD02yo2v1hY/getUpdates "HTTP/1.1 200 OK"
2025-10-13 19:07:05,551 - INFO - HTTP Request: POST https://api.telegram.org/bot8115605790:AAF2BAAGm48-Rt-d5U44Mw7rLD02yo2v1hY/getUpdates "HTTP/1.1 200 OK"
2025-10-13 19:07:15,602 - INFO - HTTP Request: POST https://api.telegram.org/bot8115605790:AAF2BAAGm48-Rt-d5U44Mw7rLD02yo2v1hY/getUpdates "HTTP/1.1 200 OK"
2025-10-13 19:07:25,645 - INFO - HTTP Request: POST https://api.telegram.org/bot8115605790:AAF2BAAGm48-Rt-d5U44Mw7rLD02yo2v1hY/getUpdates "HTTP/1.1 200 OK"
2025-10-13 19:07:35,693 - INFO - HTTP Request: POST https://api.telegram.org/bot8115605790:AAF2BAAGm48-Rt-d5U44Mw7rLD02yo2v1hY/getUpdates "HTTP/1.1 200 OK"
2025-10-13 19:07:45,735 - INFO - HTTP Request: POST https://api.telegram.org/bot8115605790:AAF2BAAGm48-Rt-d5U44Mw7rLD02yo2v1hY/getUpdates "HTTP/1.1 200 OK"
2025-10-13 19:07:55,770 - INFO - HTTP Request: POST https://api.telegram.org/bot8115605790:AAF2BAAGm48-Rt-d5U44Mw7rLD02yo2v1hY/getUpdates "HTTP/1.1 200 OK"
2025-10-13 19:08:05,823 - INFO - HTTP Request: POST https://api.telegram.org/bot8115605790:AAF2BAAGm48-Rt-d5U44Mw7rLD02yo2v1hY/getUpdates "HTTP/1.1 200 OK"
2025-10-13 19:08:15,867 - INFO - HTTP Request: POST https://api.telegram.org/bot8115605790:AAF2BAAGm48-Rt-d5U44Mw7rLD02yo2v1hY/getUpdates "HTTP/1.1 200 OK"
2025-10-13 19:08:25,908 - INFO - HTTP Request: POST https://api.telegram.org/bot8115605790:AAF2BAAGm48-Rt-d5U44Mw7rLD02yo2v1hY/getUpdates "HTTP/1.1 200 OK"
2025-10-13 19:08:35,966 - INFO - HTTP Request: POST https://api.telegram.org/bot8115605790:AAF2BAAGm48-Rt-d5U44Mw7rLD02yo2v1hY/getUpdates "HTTP/1.1 200 OK"
2025-10-13 19:08:46,002 - INFO - HTTP Request: POST https://api.telegram.org/bot8115605790:AAF2BAAGm48-Rt-d5U44Mw7rLD02yo2v1hY/getUpdates "HTTP/1.1 200 OK"
2025-10-13 19:08:55,711 - INFO - HTTP Request: POST https://api.telegram.org/bot8115605790:AAF2BAAGm48-Rt-d5U44Mw7rLD02yo2v1hY/getMe "HTTP/1.1 200 OK"
2025-10-13 19:08:55,801 - INFO - HTTP Request: POST https://api.telegram.org/bot8115605790:AAF2BAAGm48-Rt-d5U44Mw7rLD02yo2v1hY/setMyCommands "HTTP/1.1 200 OK"
2025-10-13 19:08:55,838 - INFO - HTTP Request: POST https://api.telegram.org/bot8115605790:AAF2BAAGm48-Rt-d5U44Mw7rLD02yo2v1hY/deleteWebhook "HTTP/1.1 200 OK"
2025-10-13 19:09:05,940 - INFO - HTTP Request: POST https://api.telegram.org/bot8115605790:AAF2BAAGm48-Rt-d5U44Mw7rLD02yo2v1hY/getUpdates "HTTP/1.1 200 OK"
2025-10-13 19:09:15,974 - INFO - HTTP Request: POST https://api.telegram.org/bot8115605790:AAF2BAAGm48-Rt-d5U44Mw7rLD02yo2v1hY/getUpdates "HTTP/1.1 200 OK"
2025-10-13 19:09:26,029 - INFO - HTTP Request: POST https://api.telegram.org/bot8115605790:AAF2BAAGm48-Rt-d5U44Mw7rLD02yo2v1hY/getUpdates "HTTP/1.1 200 OK"
2025-10-13 19:09:36,060 - INFO - HTTP Request: POST https://api.telegram.org/bot8115605790:AAF2BAAGm48-Rt-d5U44Mw7rLD02yo2v1hY/getUpdates "HTTP/1.1 200 OK"
2025-10-13 19:09:46,112 - INFO - HTTP Request: POST https://api.telegram.org/bot8115605790:AAF2BAAGm48-Rt-d5U44Mw7rLD02yo2v1hY/getUpdates "HTTP/1.1 200 OK"
2025-10-13 19:09:56,142 - INFO - HTTP Request: POST https://api.telegram.org/bot8115605790:AAF2BAAGm48-Rt-d5U44Mw7rLD02yo2v1hY/getUpdates "HTTP/1.1 200 OK"
2025-10-13 19:10:06,185 - INFO - HTTP Request: POST https://api.telegram.org/bot8115605790:AAF2BAAGm48-Rt-d5U44Mw7rLD02yo2v1hY/getUpdates "HTTP/1.1 200 OK"
2025-10-13 19:10:16,223 - INFO - HTTP Request: POST https://api.telegram.org/bot8115605790:AAF2BAAGm48-Rt-d5U44Mw7rLD02yo2v1hY/getUpdates "HTTP/1.1 200 OK"
2025-10-13 19:10:26,258 - INFO - HTTP Request: POST https://api.telegram.org/bot8115605790:AAF2BAAGm48-Rt-d5U44Mw7rLD02yo2v1hY/getUpdates "HTTP/1.1 200 OK"
2025-10-13 19:10:27,660 - INFO - HTTP Request: POST https://api.telegram.org/bot8115605790:AAF2BAAGm48-Rt-d5U44Mw7rLD02yo2v1hY/getUpdates "HTTP/1.1 200 OK"
2025-10-13 19:10:27,664 - INFO - Daddodad (454010613,Davide) called /start
2025-10-13 19:10:27,664 - ERROR - No error handlers are registered, logging exception.
Traceback (most recent call last):
  File "D:\Desktop_fake\CNR\av-anomaly-detection\av-anomaly-detection\.venv\Lib\site-packages\telegram\ext\_application.py", line 1298, in process_update
    await coroutine
  File "D:\Desktop_fake\CNR\av-anomaly-detection\av-anomaly-detection\.venv\Lib\site-packages\telegram\ext\_handlers\conversationhandler.py", line 842, in handle_update
    new_state: object = await handler.handle_update(
                        ^^^^^^^^^^^^^^^^^^^^^^^^^^^^
  File "D:\Desktop_fake\CNR\av-anomaly-detection\av-anomaly-detection\.venv\Lib\site-packages\telegram\ext\_handlers\basehandler.py", line 158, in handle_update
    return await self.callback(update, context)
           ^^^^^^^^^^^^^^^^^^^^^^^^^^^^^^^^^^^^
  File "D:\Desktop_fake\MawileBot\home\MawileBot\src\Commands.py", line 175, in start
    added = add_new_player(update) # IMPORTANTE, anche se non usiamo added
            ^^^^^^^^^^^^^^^^^^^^^^
  File "D:\Desktop_fake\MawileBot\home\MawileBot\src\poke_lib.py", line 174, in add_new_player
    jsonFile = open(ENV_PATH+"/secret_player_data.json", "r") # Open the JSON file for reading
               ^^^^^^^^^^^^^^^^^^^^^^^^^^^^^^^^^^^^^^^^^^^^^^
FileNotFoundError: [Errno 2] No such file or directory: 'home/MawileBot/src/secret_player_data.json'
2025-10-13 19:10:29,347 - INFO - HTTP Request: POST https://api.telegram.org/bot8115605790:AAF2BAAGm48-Rt-d5U44Mw7rLD02yo2v1hY/getUpdates "HTTP/1.1 200 OK"
2025-10-13 19:10:29,349 - INFO - Daddodad (454010613,Davide) called /start
2025-10-13 19:10:29,351 - ERROR - No error handlers are registered, logging exception.
Traceback (most recent call last):
  File "D:\Desktop_fake\CNR\av-anomaly-detection\av-anomaly-detection\.venv\Lib\site-packages\telegram\ext\_application.py", line 1298, in process_update
    await coroutine
  File "D:\Desktop_fake\CNR\av-anomaly-detection\av-anomaly-detection\.venv\Lib\site-packages\telegram\ext\_handlers\conversationhandler.py", line 842, in handle_update
    new_state: object = await handler.handle_update(
                        ^^^^^^^^^^^^^^^^^^^^^^^^^^^^
  File "D:\Desktop_fake\CNR\av-anomaly-detection\av-anomaly-detection\.venv\Lib\site-packages\telegram\ext\_handlers\basehandler.py", line 158, in handle_update
    return await self.callback(update, context)
           ^^^^^^^^^^^^^^^^^^^^^^^^^^^^^^^^^^^^
  File "D:\Desktop_fake\MawileBot\home\MawileBot\src\Commands.py", line 175, in start
    added = add_new_player(update) # IMPORTANTE, anche se non usiamo added
            ^^^^^^^^^^^^^^^^^^^^^^
  File "D:\Desktop_fake\MawileBot\home\MawileBot\src\poke_lib.py", line 174, in add_new_player
    jsonFile = open(ENV_PATH+"/secret_player_data.json", "r") # Open the JSON file for reading
               ^^^^^^^^^^^^^^^^^^^^^^^^^^^^^^^^^^^^^^^^^^^^^^
FileNotFoundError: [Errno 2] No such file or directory: 'home/MawileBot/src/secret_player_data.json'
2025-10-13 19:10:39,393 - INFO - HTTP Request: POST https://api.telegram.org/bot8115605790:AAF2BAAGm48-Rt-d5U44Mw7rLD02yo2v1hY/getUpdates "HTTP/1.1 200 OK"
2025-10-13 19:10:41,472 - INFO - HTTP Request: POST https://api.telegram.org/bot8115605790:AAF2BAAGm48-Rt-d5U44Mw7rLD02yo2v1hY/getUpdates "HTTP/1.1 200 OK"
2025-10-13 19:10:41,474 - INFO - Daddodad (454010613,Davide) called /start
2025-10-13 19:10:41,474 - ERROR - No error handlers are registered, logging exception.
Traceback (most recent call last):
  File "D:\Desktop_fake\CNR\av-anomaly-detection\av-anomaly-detection\.venv\Lib\site-packages\telegram\ext\_application.py", line 1298, in process_update
    await coroutine
  File "D:\Desktop_fake\CNR\av-anomaly-detection\av-anomaly-detection\.venv\Lib\site-packages\telegram\ext\_handlers\conversationhandler.py", line 842, in handle_update
    new_state: object = await handler.handle_update(
                        ^^^^^^^^^^^^^^^^^^^^^^^^^^^^
  File "D:\Desktop_fake\CNR\av-anomaly-detection\av-anomaly-detection\.venv\Lib\site-packages\telegram\ext\_handlers\basehandler.py", line 158, in handle_update
    return await self.callback(update, context)
           ^^^^^^^^^^^^^^^^^^^^^^^^^^^^^^^^^^^^
  File "D:\Desktop_fake\MawileBot\home\MawileBot\src\Commands.py", line 175, in start
    added = add_new_player(update) # IMPORTANTE, anche se non usiamo added
            ^^^^^^^^^^^^^^^^^^^^^^
  File "D:\Desktop_fake\MawileBot\home\MawileBot\src\poke_lib.py", line 174, in add_new_player
    jsonFile = open(ENV_PATH+"/secret_player_data.json", "r") # Open the JSON file for reading
               ^^^^^^^^^^^^^^^^^^^^^^^^^^^^^^^^^^^^^^^^^^^^^^
FileNotFoundError: [Errno 2] No such file or directory: 'home/MawileBot/src/secret_player_data.json'
2025-10-13 19:10:43,445 - INFO - HTTP Request: POST https://api.telegram.org/bot8115605790:AAF2BAAGm48-Rt-d5U44Mw7rLD02yo2v1hY/getUpdates "HTTP/1.1 200 OK"
2025-10-13 19:10:43,445 - ERROR - No error handlers are registered, logging exception.
Traceback (most recent call last):
  File "D:\Desktop_fake\CNR\av-anomaly-detection\av-anomaly-detection\.venv\Lib\site-packages\telegram\ext\_application.py", line 1298, in process_update
    await coroutine
  File "D:\Desktop_fake\CNR\av-anomaly-detection\av-anomaly-detection\.venv\Lib\site-packages\telegram\ext\_handlers\conversationhandler.py", line 842, in handle_update
    new_state: object = await handler.handle_update(
                        ^^^^^^^^^^^^^^^^^^^^^^^^^^^^
  File "D:\Desktop_fake\CNR\av-anomaly-detection\av-anomaly-detection\.venv\Lib\site-packages\telegram\ext\_handlers\basehandler.py", line 158, in handle_update
    return await self.callback(update, context)
           ^^^^^^^^^^^^^^^^^^^^^^^^^^^^^^^^^^^^
  File "D:\Desktop_fake\MawileBot\home\MawileBot\src\Commands.py", line 1378, in fight_command
    await id_check(update)
  File "D:\Desktop_fake\MawileBot\home\MawileBot\src\Commands.py", line 94, in id_check
    with open(ENV_PATH+'/secret_player_data.json', 'r') as file:
         ^^^^^^^^^^^^^^^^^^^^^^^^^^^^^^^^^^^^^^^^^^^^^^
FileNotFoundError: [Errno 2] No such file or directory: './home/MawileBot/src/secret_player_data.json'
2025-10-13 19:10:44,649 - INFO - HTTP Request: POST https://api.telegram.org/bot8115605790:AAF2BAAGm48-Rt-d5U44Mw7rLD02yo2v1hY/getUpdates "HTTP/1.1 200 OK"
2025-10-13 19:10:44,649 - ERROR - No error handlers are registered, logging exception.
Traceback (most recent call last):
  File "D:\Desktop_fake\CNR\av-anomaly-detection\av-anomaly-detection\.venv\Lib\site-packages\telegram\ext\_application.py", line 1298, in process_update
    await coroutine
  File "D:\Desktop_fake\CNR\av-anomaly-detection\av-anomaly-detection\.venv\Lib\site-packages\telegram\ext\_handlers\basehandler.py", line 158, in handle_update
    return await self.callback(update, context)
           ^^^^^^^^^^^^^^^^^^^^^^^^^^^^^^^^^^^^
  File "D:\Desktop_fake\MawileBot\home\MawileBot\src\Commands.py", line 405, in help_command
    await id_check(update)
  File "D:\Desktop_fake\MawileBot\home\MawileBot\src\Commands.py", line 94, in id_check
    with open(ENV_PATH+'/secret_player_data.json', 'r') as file:
         ^^^^^^^^^^^^^^^^^^^^^^^^^^^^^^^^^^^^^^^^^^^^^^
FileNotFoundError: [Errno 2] No such file or directory: './home/MawileBot/src/secret_player_data.json'
2025-10-13 19:10:54,690 - INFO - HTTP Request: POST https://api.telegram.org/bot8115605790:AAF2BAAGm48-Rt-d5U44Mw7rLD02yo2v1hY/getUpdates "HTTP/1.1 200 OK"
2025-10-13 19:11:04,731 - INFO - HTTP Request: POST https://api.telegram.org/bot8115605790:AAF2BAAGm48-Rt-d5U44Mw7rLD02yo2v1hY/getUpdates "HTTP/1.1 200 OK"
2025-10-13 19:11:05,688 - INFO - HTTP Request: POST https://api.telegram.org/bot8115605790:AAF2BAAGm48-Rt-d5U44Mw7rLD02yo2v1hY/getUpdates "HTTP/1.1 200 OK"
2025-10-13 19:11:05,688 - INFO - Daddodad (454010613,Davide) called /start
2025-10-13 19:11:05,688 - ERROR - No error handlers are registered, logging exception.
Traceback (most recent call last):
  File "D:\Desktop_fake\CNR\av-anomaly-detection\av-anomaly-detection\.venv\Lib\site-packages\telegram\ext\_application.py", line 1298, in process_update
    await coroutine
  File "D:\Desktop_fake\CNR\av-anomaly-detection\av-anomaly-detection\.venv\Lib\site-packages\telegram\ext\_handlers\conversationhandler.py", line 842, in handle_update
    new_state: object = await handler.handle_update(
                        ^^^^^^^^^^^^^^^^^^^^^^^^^^^^
  File "D:\Desktop_fake\CNR\av-anomaly-detection\av-anomaly-detection\.venv\Lib\site-packages\telegram\ext\_handlers\basehandler.py", line 158, in handle_update
    return await self.callback(update, context)
           ^^^^^^^^^^^^^^^^^^^^^^^^^^^^^^^^^^^^
  File "D:\Desktop_fake\MawileBot\home\MawileBot\src\Commands.py", line 175, in start
    added = add_new_player(update) # IMPORTANTE, anche se non usiamo added
            ^^^^^^^^^^^^^^^^^^^^^^
  File "D:\Desktop_fake\MawileBot\home\MawileBot\src\poke_lib.py", line 174, in add_new_player
    jsonFile = open(ENV_PATH+"/secret_player_data.json", "r") # Open the JSON file for reading
               ^^^^^^^^^^^^^^^^^^^^^^^^^^^^^^^^^^^^^^^^^^^^^^
FileNotFoundError: [Errno 2] No such file or directory: 'home/MawileBot/src/secret_player_data.json'
2025-10-13 19:11:07,451 - INFO - HTTP Request: POST https://api.telegram.org/bot8115605790:AAF2BAAGm48-Rt-d5U44Mw7rLD02yo2v1hY/getUpdates "HTTP/1.1 200 OK"
2025-10-13 19:11:07,451 - INFO - Daddodad (454010613,Davide) called /start
2025-10-13 19:11:07,451 - ERROR - No error handlers are registered, logging exception.
Traceback (most recent call last):
  File "D:\Desktop_fake\CNR\av-anomaly-detection\av-anomaly-detection\.venv\Lib\site-packages\telegram\ext\_application.py", line 1298, in process_update
    await coroutine
  File "D:\Desktop_fake\CNR\av-anomaly-detection\av-anomaly-detection\.venv\Lib\site-packages\telegram\ext\_handlers\conversationhandler.py", line 842, in handle_update
    new_state: object = await handler.handle_update(
                        ^^^^^^^^^^^^^^^^^^^^^^^^^^^^
  File "D:\Desktop_fake\CNR\av-anomaly-detection\av-anomaly-detection\.venv\Lib\site-packages\telegram\ext\_handlers\basehandler.py", line 158, in handle_update
    return await self.callback(update, context)
           ^^^^^^^^^^^^^^^^^^^^^^^^^^^^^^^^^^^^
  File "D:\Desktop_fake\MawileBot\home\MawileBot\src\Commands.py", line 175, in start
    added = add_new_player(update) # IMPORTANTE, anche se non usiamo added
            ^^^^^^^^^^^^^^^^^^^^^^
  File "D:\Desktop_fake\MawileBot\home\MawileBot\src\poke_lib.py", line 174, in add_new_player
    jsonFile = open(ENV_PATH+"/secret_player_data.json", "r") # Open the JSON file for reading
               ^^^^^^^^^^^^^^^^^^^^^^^^^^^^^^^^^^^^^^^^^^^^^^
FileNotFoundError: [Errno 2] No such file or directory: 'home/MawileBot/src/secret_player_data.json'
2025-10-13 19:11:08,129 - INFO - HTTP Request: POST https://api.telegram.org/bot8115605790:AAF2BAAGm48-Rt-d5U44Mw7rLD02yo2v1hY/getUpdates "HTTP/1.1 200 OK"
2025-10-13 19:11:08,134 - INFO - Daddodad (454010613,Davide) called /start
2025-10-13 19:11:08,134 - ERROR - No error handlers are registered, logging exception.
Traceback (most recent call last):
  File "D:\Desktop_fake\CNR\av-anomaly-detection\av-anomaly-detection\.venv\Lib\site-packages\telegram\ext\_application.py", line 1298, in process_update
    await coroutine
  File "D:\Desktop_fake\CNR\av-anomaly-detection\av-anomaly-detection\.venv\Lib\site-packages\telegram\ext\_handlers\conversationhandler.py", line 842, in handle_update
    new_state: object = await handler.handle_update(
                        ^^^^^^^^^^^^^^^^^^^^^^^^^^^^
  File "D:\Desktop_fake\CNR\av-anomaly-detection\av-anomaly-detection\.venv\Lib\site-packages\telegram\ext\_handlers\basehandler.py", line 158, in handle_update
    return await self.callback(update, context)
           ^^^^^^^^^^^^^^^^^^^^^^^^^^^^^^^^^^^^
  File "D:\Desktop_fake\MawileBot\home\MawileBot\src\Commands.py", line 175, in start
    added = add_new_player(update) # IMPORTANTE, anche se non usiamo added
            ^^^^^^^^^^^^^^^^^^^^^^
  File "D:\Desktop_fake\MawileBot\home\MawileBot\src\poke_lib.py", line 174, in add_new_player
    jsonFile = open(ENV_PATH+"/secret_player_data.json", "r") # Open the JSON file for reading
               ^^^^^^^^^^^^^^^^^^^^^^^^^^^^^^^^^^^^^^^^^^^^^^
FileNotFoundError: [Errno 2] No such file or directory: 'home/MawileBot/src/secret_player_data.json'
2025-10-13 19:11:16,605 - INFO - HTTP Request: POST https://api.telegram.org/bot8115605790:AAF2BAAGm48-Rt-d5U44Mw7rLD02yo2v1hY/getUpdates "HTTP/1.1 200 OK"
2025-10-13 19:11:35,733 - INFO - HTTP Request: POST https://api.telegram.org/bot8115605790:AAF2BAAGm48-Rt-d5U44Mw7rLD02yo2v1hY/getMe "HTTP/1.1 200 OK"
2025-10-13 19:11:35,819 - INFO - HTTP Request: POST https://api.telegram.org/bot8115605790:AAF2BAAGm48-Rt-d5U44Mw7rLD02yo2v1hY/setMyCommands "HTTP/1.1 200 OK"
2025-10-13 19:11:35,853 - INFO - HTTP Request: POST https://api.telegram.org/bot8115605790:AAF2BAAGm48-Rt-d5U44Mw7rLD02yo2v1hY/deleteWebhook "HTTP/1.1 200 OK"
2025-10-13 19:11:42,958 - INFO - HTTP Request: POST https://api.telegram.org/bot8115605790:AAF2BAAGm48-Rt-d5U44Mw7rLD02yo2v1hY/getUpdates "HTTP/1.1 200 OK"
2025-10-13 19:11:42,967 - INFO - Daddodad (454010613,Davide) called /start
2025-10-13 19:11:42,968 - ERROR - No error handlers are registered, logging exception.
Traceback (most recent call last):
  File "D:\Desktop_fake\CNR\av-anomaly-detection\av-anomaly-detection\.venv\Lib\site-packages\telegram\ext\_application.py", line 1298, in process_update
    await coroutine
  File "D:\Desktop_fake\CNR\av-anomaly-detection\av-anomaly-detection\.venv\Lib\site-packages\telegram\ext\_handlers\conversationhandler.py", line 842, in handle_update
    new_state: object = await handler.handle_update(
                        ^^^^^^^^^^^^^^^^^^^^^^^^^^^^
  File "D:\Desktop_fake\CNR\av-anomaly-detection\av-anomaly-detection\.venv\Lib\site-packages\telegram\ext\_handlers\basehandler.py", line 158, in handle_update
    return await self.callback(update, context)
           ^^^^^^^^^^^^^^^^^^^^^^^^^^^^^^^^^^^^
  File "D:\Desktop_fake\MawileBot\home\MawileBot\src\Commands.py", line 175, in start
    added = add_new_player(update) # IMPORTANTE, anche se non usiamo added
            ^^^^^^^^^^^^^^^^^^^^^^
  File "D:\Desktop_fake\MawileBot\home\MawileBot\src\poke_lib.py", line 174, in add_new_player
    jsonFile = open(ENV_PATH+"/secret_player_data.json", "r") # Open the JSON file for reading
               ^^^^^^^^^^^^^^^^^^^^^^^^^^^^^^^^^^^^^^^^^^^^^^
FileNotFoundError: [Errno 2] No such file or directory: 'home/MawileBot/src/secret_player_data.json'
2025-10-13 19:11:53,007 - INFO - HTTP Request: POST https://api.telegram.org/bot8115605790:AAF2BAAGm48-Rt-d5U44Mw7rLD02yo2v1hY/getUpdates "HTTP/1.1 200 OK"
2025-10-13 19:12:03,042 - INFO - HTTP Request: POST https://api.telegram.org/bot8115605790:AAF2BAAGm48-Rt-d5U44Mw7rLD02yo2v1hY/getUpdates "HTTP/1.1 200 OK"
2025-10-13 19:12:13,085 - INFO - HTTP Request: POST https://api.telegram.org/bot8115605790:AAF2BAAGm48-Rt-d5U44Mw7rLD02yo2v1hY/getUpdates "HTTP/1.1 200 OK"
2025-10-13 19:12:23,117 - INFO - HTTP Request: POST https://api.telegram.org/bot8115605790:AAF2BAAGm48-Rt-d5U44Mw7rLD02yo2v1hY/getUpdates "HTTP/1.1 200 OK"
2025-10-13 19:12:33,162 - INFO - HTTP Request: POST https://api.telegram.org/bot8115605790:AAF2BAAGm48-Rt-d5U44Mw7rLD02yo2v1hY/getUpdates "HTTP/1.1 200 OK"
2025-10-13 19:12:41,065 - INFO - HTTP Request: POST https://api.telegram.org/bot8115605790:AAF2BAAGm48-Rt-d5U44Mw7rLD02yo2v1hY/getMe "HTTP/1.1 200 OK"
2025-10-13 19:12:41,116 - INFO - HTTP Request: POST https://api.telegram.org/bot8115605790:AAF2BAAGm48-Rt-d5U44Mw7rLD02yo2v1hY/setMyCommands "HTTP/1.1 200 OK"
2025-10-13 19:12:41,147 - INFO - HTTP Request: POST https://api.telegram.org/bot8115605790:AAF2BAAGm48-Rt-d5U44Mw7rLD02yo2v1hY/deleteWebhook "HTTP/1.1 200 OK"
2025-10-13 19:12:43,713 - INFO - HTTP Request: POST https://api.telegram.org/bot8115605790:AAF2BAAGm48-Rt-d5U44Mw7rLD02yo2v1hY/getUpdates "HTTP/1.1 200 OK"
2025-10-13 19:12:43,715 - INFO - Daddodad (454010613,Davide) called /start
2025-10-13 19:12:43,715 - ERROR - No error handlers are registered, logging exception.
Traceback (most recent call last):
  File "D:\Desktop_fake\CNR\av-anomaly-detection\av-anomaly-detection\.venv\Lib\site-packages\telegram\ext\_application.py", line 1298, in process_update
    await coroutine
  File "D:\Desktop_fake\CNR\av-anomaly-detection\av-anomaly-detection\.venv\Lib\site-packages\telegram\ext\_handlers\conversationhandler.py", line 842, in handle_update
    new_state: object = await handler.handle_update(
                        ^^^^^^^^^^^^^^^^^^^^^^^^^^^^
  File "D:\Desktop_fake\CNR\av-anomaly-detection\av-anomaly-detection\.venv\Lib\site-packages\telegram\ext\_handlers\basehandler.py", line 158, in handle_update
    return await self.callback(update, context)
           ^^^^^^^^^^^^^^^^^^^^^^^^^^^^^^^^^^^^
  File "D:\Desktop_fake\MawileBot\home\MawileBot\src\Commands.py", line 175, in start
    added = add_new_player(update) # IMPORTANTE, anche se non usiamo added
            ^^^^^^^^^^^^^^^^^^^^^^
  File "D:\Desktop_fake\MawileBot\home\MawileBot\src\poke_lib.py", line 174, in add_new_player
    jsonFile = open(ENV_PATH+"/secret_player_data.json", "r") # Open the JSON file for reading
               ^^^^^^^^^^^^^^^^^^^^^^^^^^^^^^^^^^^^^^^^^^^^^^
FileNotFoundError: [Errno 2] No such file or directory: 'home/MawileBot/src/secret_player_data.json'
2025-10-13 19:12:47,703 - INFO - HTTP Request: POST https://api.telegram.org/bot8115605790:AAF2BAAGm48-Rt-d5U44Mw7rLD02yo2v1hY/getUpdates "HTTP/1.1 200 OK"
